-------------------- Log Start | Sun Aug 30 04:03:49 2026 --------------------
platform: Linux-5.15.0-139-generic-x86_64-with-glibc2.29
data_path: /home/chase/printer_data
is_default_data_path: False
config_file: /home/chase/printer_data/config/moonraker.conf
backup_config: None
startup_warnings: []
verbose: False
debug: False
asyncio_debug: False
is_backup_config: False
is_python_package: False
instance_uuid: b8aeafbbdbb14078bbacb03f480f8081
unix_socket_path: /home/chase/printer_data/comms/moonraker.sock
software_version: v0.9.3-58-ga0164e1
git_branch: master
git_remote: origin
git_repo_url: https://github.com/Arksine/moonraker
modified_files: []
unofficial_components: []
log_file: /home/chase/printer_data/logs/moonraker.log
python_version: 3.8.10 (default, Mar 18 2025, 20:04:55)  [GCC 9.4.0]
launch_args: /home/chase/moonraker-env/bin/python /home/chase/moonraker/moonraker/moonraker.py -d /home/chase/printer_data
msgspec_enabled: True
uvloop_enabled: True

#################### Moonraker Configuration ####################

[server]
host = 0.0.0.0
port = 7125
max_upload_size = 1024
klippy_uds_address = ~/printer_data/comms/klippy.sock

[file_manager]
enable_object_processing = True
queue_gcode_uploads = True

[authorization]
cors_domains = 
	https://my.mainsail.xyz
	http://my.mainsail.xyz
	http://*.local
	http://*.lan
	https://ender.slonlo.com
trusted_clients = 
	10.0.0.0/8
	127.0.0.0/8
	169.254.0.0/16
	172.16.0.0/12
	192.168.0.0/16
	192.168.1.121
	FE80::/10
	::1/128

[octoprint_compat]

[history]

[announcements]
subscriptions = 
	octoeverywhere

[update_manager]
refresh_interval = 168
enable_auto_refresh = True

[update_manager mainsail]
type = web
channel = stable
repo = mainsail-crew/mainsail
path = ~/mainsail

[update_manager mainsail-config]
type = git_repo
primary_branch = master
path = ~/mainsail-config
origin = https://github.com/mainsail-crew/mainsail-config.git
managed_services = klipper

[update_manager crowsnest]
type = git_repo
path = ~/crowsnest
origin = https://github.com/mainsail-crew/crowsnest.git
managed_services = crowsnest
install_script = tools/pkglist.sh

[update_manager sonar]
type = git_repo
path = ~/sonar
origin = https://github.com/mainsail-crew/sonar.git
primary_branch = main
managed_services = sonar
install_script = tools/install.sh

[update_manager Klipper-Adaptive-Meshing-Purging]
type = git_repo
channel = dev
path = ~/Klipper-Adaptive-Meshing-Purging
origin = https://github.com/kyleisah/Klipper-Adaptive-Meshing-Purging.git
managed_services = klipper
primary_branch = main

[power Power]
type = tplink_smartplug
address = 192.168.1.31
off_when_shutdown = True
on_when_job_queued = True
restart_klipper_when_powered = True
locked_while_printing = False
bound_services = 
	klipper
	klipper-mcu

[wled printerled]
type = http
address = 192.168.1.154
initial_red = 0.0
initial_green = 0.0
initial_blue = 0.0
chain_count = 20

[job_queue]
load_on_startup = True

[update_manager octoeverywhere]
type = git_repo
channel = beta
path = /home/chase/octoeverywhere
origin = https://github.com/QuinnDamerell/OctoPrint-OctoEverywhere.git
env = /home/chase/octoeverywhere-env/bin/python
requirements = requirements.txt
install_script = install.sh
managed_services = 
	octoeverywhere

[update_manager klipper-backup]
type = git_repo
path = ~/klipper-backup
origin = https://github.com/Staubgeborener/klipper-backup.git
managed_services = moonraker
primary_branch = main

[update_manager mobileraker]
type = git_repo
path = /home/chase/mobileraker_companion
origin = https://github.com/Clon1998/mobileraker_companion.git
primary_branch = main
managed_services = mobileraker
env = /home/chase/mobileraker-env/bin/python
requirements = scripts/mobileraker-requirements.txt
install_script = scripts/install.sh

[update_manager fluidd-config]
type = git_repo
primary_branch = master
path = ~/fluidd-config
origin = https://github.com/fluidd-core/fluidd-config.git
managed_services = klipper

[update_manager fluidd]
type = web
channel = stable
repo = fluidd-core/fluidd
path = ~/fluidd

#################################################################
All Configuration Files:
/home/chase/printer_data/config/moonraker.conf
/home/chase/printer_data/config/octoeverywhere-system.cfg
#################################################################
Loading Sqlite database provider. Sqlite Version: 3.31.1
Unsafe Shutdown Count: 14

System Info:

***python***
  version: (3, 8, 10, 'final', 0)
  version_string: 3.8.10 (default, Mar 18 2025, 20:04:55)  [GCC 9.4.0]

***cpu_info***
  cpu_count: 4
  bits: 64bit
  processor: x86_64
  cpu_desc: Intel(R) Atom(TM) x5-Z8350  CPU @ 1.44GHz
  serial_number: 
  hardware_desc: 
  model: 
  total_memory: 3933584
  memory_units: kB

***sd_info***

***distribution***
  name: Ubuntu 20.04.6 LTS
  id: ubuntu
  version: 20.04
  version_parts: {'major': '20', 'minor': '04', 'build_number': ''}
  like: debian
  codename: focal
  release_info: {}
  kernel_version: 5.15.0-139-generic

***virtualization***
  virt_type: none
  virt_identifier: none

***network***

***canbus***

***Allowed Services***
  klipper_mcu
  webcamd
  MoonCord
  KlipperScreen
  moonraker-telegram-bot
  moonraker-obico
  sonar
  crowsnest
  octoeverywhere
  ratos-configurator
  mobileraker
Module libcamera unavailble, import failed

Systemd unit moonraker.service:
unit_name: moonraker.service
is_default: True
manager: systemd
Properties:
**Requires=['network-online.target', '-.mount', 'sysinit.target', 'system.slice']
**After=['-.mount', 'system.slice', 'basic.target', 'network-online.target', 'systemd-journald.socket', 'sysinit.target']
**SupplementaryGroups=['moonraker-admin']
**EnvironmentFiles=/home/chase/printer_data/systemd/moonraker.env
**ExecStart=/home/chase/moonraker-env/bin/python $MOONRAKER_ARGS
**WorkingDirectory=/home/chase/moonraker
**FragmentPath=/etc/systemd/system/moonraker.service
**Description=API Server for Klipper SV1
**User=chase

Systemd unit klipper.service:
unit_name: klipper.service
is_default: True
manager: systemd
Properties:
**Requires=['system.slice', 'sysinit.target', '-.mount']
**After=['basic.target', 'system.slice', 'systemd-journald.socket', 'sysinit.target', '-.mount', 'network-online.target']
**SupplementaryGroups=[]
**EnvironmentFiles=/home/chase/printer_data/systemd/klipper.env
**ExecStart=/home/chase/klippy-env/bin/python $KLIPPER_ARGS
**WorkingDirectory=/home/chase/klipper
**FragmentPath=/etc/systemd/system/klipper.service
**Description=Klipper 3D Printer Firmware SV1
**User=chase
Git Repo moonraker: No warnings detected
Git Repo klipper: Warnings detected:
  Repo has untracked source files: ['klippy/extras/gcode_shell_command.py']
Git Repo mainsail-config: No warnings detected
Git Repo crowsnest: No warnings detected
Git Repo sonar: No warnings detected
Git Repo Klipper-Adaptive-Meshing-Purging: No warnings detected
Git Repo klipper-backup: No warnings detected
Git Repo mobileraker: No warnings detected
Git Repo fluidd-config: No warnings detected
Klipper Version: v0.12.0-439-g1fc6d214f-dirty
2026-08-30 00:03:49,204 [announcements.py:_fetch_moonlight()] - Failed to update subscription 'moonraker': [Errno -3] Temporary failure in name resolution
2026-08-30 00:03:51,238 [announcements.py:_fetch_moonlight()] - Failed to update subscription 'klipper': [Errno -3] Temporary failure in name resolution
2026-08-30 00:03:53,266 [announcements.py:_fetch_moonlight()] - Failed to update subscription 'octoeverywhere': [Errno -3] Temporary failure in name resolution
2026-08-30 00:04:13,719 [ioloop.py:_run_callback()] - Exception in callback functools.partial(<function _HTTPConnection.__init__.<locals>.<lambda> at 0x7fab85d87dc0>, <Task finished name='Task-7036300' coro=<_HTTPConnection.run() done, defined at /home/chase/moonraker-env/lib/python3.8/site-packages/tornado/simple_httpclient.py:290> exception=gaierror(-3, 'Temporary failure in name resolution')>)
Traceback (most recent call last):
  File "/home/chase/moonraker-env/lib/python3.8/site-packages/tornado/ioloop.py", line 750, in _run_callback
    ret = callback()
  File "/home/chase/moonraker-env/lib/python3.8/site-packages/tornado/simple_httpclient.py", line 287, in <lambda>
    gen.convert_yielded(self.run()), lambda f: f.result()
  File "/home/chase/moonraker-env/lib/python3.8/site-packages/tornado/simple_httpclient.py", line 340, in run
    stream = await self.tcp_client.connect(
  File "/home/chase/moonraker-env/lib/python3.8/site-packages/tornado/tcpclient.py", line 269, in connect
    addrinfo = await self.resolver.resolve(host, port, af)
  File "/home/chase/moonraker-env/lib/python3.8/site-packages/tornado/netutil.py", line 433, in resolve
    for fam, _, _, _, address in await asyncio.get_running_loop().getaddrinfo(
  File "uvloop/loop.pyx", line 1529, in getaddrinfo
socket.gaierror: [Errno -3] Temporary failure in name resolution
2026-08-30 00:33:49,209 [announcements.py:_fetch_moonlight()] - Failed to update subscription 'moonraker': [Errno -3] Temporary failure in name resolution
2026-08-30 00:33:51,249 [announcements.py:_fetch_moonlight()] - Failed to update subscription 'klipper': [Errno -3] Temporary failure in name resolution
2026-08-30 00:33:53,285 [announcements.py:_fetch_moonlight()] - Failed to update subscription 'octoeverywhere': [Errno -3] Temporary failure in name resolution
2026-08-30 00:34:13,725 [ioloop.py:_run_callback()] - Exception in callback functools.partial(<function _HTTPConnection.__init__.<locals>.<lambda> at 0x7fab85d87430>, <Task finished name='Task-7041538' coro=<_HTTPConnection.run() done, defined at /home/chase/moonraker-env/lib/python3.8/site-packages/tornado/simple_httpclient.py:290> exception=gaierror(-3, 'Temporary failure in name resolution')>)
Traceback (most recent call last):
  File "/home/chase/moonraker-env/lib/python3.8/site-packages/tornado/ioloop.py", line 750, in _run_callback
    ret = callback()
  File "/home/chase/moonraker-env/lib/python3.8/site-packages/tornado/simple_httpclient.py", line 287, in <lambda>
    gen.convert_yielded(self.run()), lambda f: f.result()
  File "/home/chase/moonraker-env/lib/python3.8/site-packages/tornado/simple_httpclient.py", line 340, in run
    stream = await self.tcp_client.connect(
  File "/home/chase/moonraker-env/lib/python3.8/site-packages/tornado/tcpclient.py", line 269, in connect
    addrinfo = await self.resolver.resolve(host, port, af)
  File "/home/chase/moonraker-env/lib/python3.8/site-packages/tornado/netutil.py", line 433, in resolve
    for fam, _, _, _, address in await asyncio.get_running_loop().getaddrinfo(
  File "uvloop/loop.pyx", line 1529, in getaddrinfo
socket.gaierror: [Errno -3] Temporary failure in name resolution
2026-08-30 01:03:49,212 [announcements.py:_fetch_moonlight()] - Failed to update subscription 'moonraker': [Errno -3] Temporary failure in name resolution
2026-08-30 01:03:51,250 [announcements.py:_fetch_moonlight()] - Failed to update subscription 'klipper': [Errno -3] Temporary failure in name resolution
2026-08-30 01:03:53,289 [announcements.py:_fetch_moonlight()] - Failed to update subscription 'octoeverywhere': [Errno -3] Temporary failure in name resolution
2026-08-30 01:04:13,733 [ioloop.py:_run_callback()] - Exception in callback functools.partial(<function _HTTPConnection.__init__.<locals>.<lambda> at 0x7fab85d87820>, <Task finished name='Task-7046769' coro=<_HTTPConnection.run() done, defined at /home/chase/moonraker-env/lib/python3.8/site-packages/tornado/simple_httpclient.py:290> exception=gaierror(-3, 'Temporary failure in name resolution')>)
Traceback (most recent call last):
  File "/home/chase/moonraker-env/lib/python3.8/site-packages/tornado/ioloop.py", line 750, in _run_callback
    ret = callback()
  File "/home/chase/moonraker-env/lib/python3.8/site-packages/tornado/simple_httpclient.py", line 287, in <lambda>
    gen.convert_yielded(self.run()), lambda f: f.result()
  File "/home/chase/moonraker-env/lib/python3.8/site-packages/tornado/simple_httpclient.py", line 340, in run
    stream = await self.tcp_client.connect(
  File "/home/chase/moonraker-env/lib/python3.8/site-packages/tornado/tcpclient.py", line 269, in connect
    addrinfo = await self.resolver.resolve(host, port, af)
  File "/home/chase/moonraker-env/lib/python3.8/site-packages/tornado/netutil.py", line 433, in resolve
    for fam, _, _, _, address in await asyncio.get_running_loop().getaddrinfo(
  File "uvloop/loop.pyx", line 1529, in getaddrinfo
socket.gaierror: [Errno -3] Temporary failure in name resolution
2026-08-30 01:33:49,206 [announcements.py:_fetch_moonlight()] - Failed to update subscription 'moonraker': [Errno -3] Temporary failure in name resolution
2026-08-30 01:33:51,274 [announcements.py:_fetch_moonlight()] - Failed to update subscription 'klipper': [Errno -3] Temporary failure in name resolution
2026-08-30 01:33:53,308 [announcements.py:_fetch_moonlight()] - Failed to update subscription 'octoeverywhere': [Errno -3] Temporary failure in name resolution
2026-08-30 01:34:13,723 [ioloop.py:_run_callback()] - Exception in callback functools.partial(<function _HTTPConnection.__init__.<locals>.<lambda> at 0x7fab85d87040>, <Task finished name='Task-7052002' coro=<_HTTPConnection.run() done, defined at /home/chase/moonraker-env/lib/python3.8/site-packages/tornado/simple_httpclient.py:290> exception=gaierror(-3, 'Temporary failure in name resolution')>)
Traceback (most recent call last):
  File "/home/chase/moonraker-env/lib/python3.8/site-packages/tornado/ioloop.py", line 750, in _run_callback
    ret = callback()
  File "/home/chase/moonraker-env/lib/python3.8/site-packages/tornado/simple_httpclient.py", line 287, in <lambda>
    gen.convert_yielded(self.run()), lambda f: f.result()
  File "/home/chase/moonraker-env/lib/python3.8/site-packages/tornado/simple_httpclient.py", line 340, in run
    stream = await self.tcp_client.connect(
  File "/home/chase/moonraker-env/lib/python3.8/site-packages/tornado/tcpclient.py", line 269, in connect
    addrinfo = await self.resolver.resolve(host, port, af)
  File "/home/chase/moonraker-env/lib/python3.8/site-packages/tornado/netutil.py", line 433, in resolve
    for fam, _, _, _, address in await asyncio.get_running_loop().getaddrinfo(
  File "uvloop/loop.pyx", line 1529, in getaddrinfo
socket.gaierror: [Errno -3] Temporary failure in name resolution
2026-08-30 02:03:49,217 [announcements.py:_fetch_moonlight()] - Failed to update subscription 'moonraker': [Errno -3] Temporary failure in name resolution
2026-08-30 02:03:51,253 [announcements.py:_fetch_moonlight()] - Failed to update subscription 'klipper': [Errno -3] Temporary failure in name resolution
2026-08-30 02:03:53,294 [announcements.py:_fetch_moonlight()] - Failed to update subscription 'octoeverywhere': [Errno -3] Temporary failure in name resolution
2026-08-30 02:04:13,738 [ioloop.py:_run_callback()] - Exception in callback functools.partial(<function _HTTPConnection.__init__.<locals>.<lambda> at 0x7fab85d87700>, <Task finished name='Task-7057237' coro=<_HTTPConnection.run() done, defined at /home/chase/moonraker-env/lib/python3.8/site-packages/tornado/simple_httpclient.py:290> exception=gaierror(-3, 'Temporary failure in name resolution')>)
Traceback (most recent call last):
  File "/home/chase/moonraker-env/lib/python3.8/site-packages/tornado/ioloop.py", line 750, in _run_callback
    ret = callback()
  File "/home/chase/moonraker-env/lib/python3.8/site-packages/tornado/simple_httpclient.py", line 287, in <lambda>
    gen.convert_yielded(self.run()), lambda f: f.result()
  File "/home/chase/moonraker-env/lib/python3.8/site-packages/tornado/simple_httpclient.py", line 340, in run
    stream = await self.tcp_client.connect(
  File "/home/chase/moonraker-env/lib/python3.8/site-packages/tornado/tcpclient.py", line 269, in connect
    addrinfo = await self.resolver.resolve(host, port, af)
  File "/home/chase/moonraker-env/lib/python3.8/site-packages/tornado/netutil.py", line 433, in resolve
    for fam, _, _, _, address in await asyncio.get_running_loop().getaddrinfo(
  File "uvloop/loop.pyx", line 1529, in getaddrinfo
socket.gaierror: [Errno -3] Temporary failure in name resolution
2026-08-30 02:33:49,219 [announcements.py:_fetch_moonlight()] - Failed to update subscription 'moonraker': [Errno -3] Temporary failure in name resolution
2026-08-30 02:33:51,254 [announcements.py:_fetch_moonlight()] - Failed to update subscription 'klipper': [Errno -3] Temporary failure in name resolution
2026-08-30 02:33:53,289 [announcements.py:_fetch_moonlight()] - Failed to update subscription 'octoeverywhere': [Errno -3] Temporary failure in name resolution
2026-08-30 02:34:13,736 [ioloop.py:_run_callback()] - Exception in callback functools.partial(<function _HTTPConnection.__init__.<locals>.<lambda> at 0x7fab85d87dc0>, <Task finished name='Task-7062468' coro=<_HTTPConnection.run() done, defined at /home/chase/moonraker-env/lib/python3.8/site-packages/tornado/simple_httpclient.py:290> exception=gaierror(-3, 'Temporary failure in name resolution')>)
Traceback (most recent call last):
  File "/home/chase/moonraker-env/lib/python3.8/site-packages/tornado/ioloop.py", line 750, in _run_callback
    ret = callback()
  File "/home/chase/moonraker-env/lib/python3.8/site-packages/tornado/simple_httpclient.py", line 287, in <lambda>
    gen.convert_yielded(self.run()), lambda f: f.result()
  File "/home/chase/moonraker-env/lib/python3.8/site-packages/tornado/simple_httpclient.py", line 340, in run
    stream = await self.tcp_client.connect(
  File "/home/chase/moonraker-env/lib/python3.8/site-packages/tornado/tcpclient.py", line 269, in connect
    addrinfo = await self.resolver.resolve(host, port, af)
  File "/home/chase/moonraker-env/lib/python3.8/site-packages/tornado/netutil.py", line 433, in resolve
    for fam, _, _, _, address in await asyncio.get_running_loop().getaddrinfo(
  File "uvloop/loop.pyx", line 1529, in getaddrinfo
socket.gaierror: [Errno -3] Temporary failure in name resolution
2026-08-30 03:03:49,217 [announcements.py:_fetch_moonlight()] - Failed to update subscription 'moonraker': [Errno -3] Temporary failure in name resolution
2026-08-30 03:03:51,252 [announcements.py:_fetch_moonlight()] - Failed to update subscription 'klipper': [Errno -3] Temporary failure in name resolution
2026-08-30 03:03:53,288 [announcements.py:_fetch_moonlight()] - Failed to update subscription 'octoeverywhere': [Errno -3] Temporary failure in name resolution
2026-08-30 03:04:13,733 [ioloop.py:_run_callback()] - Exception in callback functools.partial(<function _HTTPConnection.__init__.<locals>.<lambda> at 0x7fab85d87820>, <Task finished name='Task-7067703' coro=<_HTTPConnection.run() done, defined at /home/chase/moonraker-env/lib/python3.8/site-packages/tornado/simple_httpclient.py:290> exception=gaierror(-3, 'Temporary failure in name resolution')>)
Traceback (most recent call last):
  File "/home/chase/moonraker-env/lib/python3.8/site-packages/tornado/ioloop.py", line 750, in _run_callback
    ret = callback()
  File "/home/chase/moonraker-env/lib/python3.8/site-packages/tornado/simple_httpclient.py", line 287, in <lambda>
    gen.convert_yielded(self.run()), lambda f: f.result()
  File "/home/chase/moonraker-env/lib/python3.8/site-packages/tornado/simple_httpclient.py", line 340, in run
    stream = await self.tcp_client.connect(
  File "/home/chase/moonraker-env/lib/python3.8/site-packages/tornado/tcpclient.py", line 269, in connect
    addrinfo = await self.resolver.resolve(host, port, af)
  File "/home/chase/moonraker-env/lib/python3.8/site-packages/tornado/netutil.py", line 433, in resolve
    for fam, _, _, _, address in await asyncio.get_running_loop().getaddrinfo(
  File "uvloop/loop.pyx", line 1529, in getaddrinfo
socket.gaierror: [Errno -3] Temporary failure in name resolution
2026-08-30 03:33:49,213 [announcements.py:_fetch_moonlight()] - Failed to update subscription 'moonraker': [Errno -3] Temporary failure in name resolution
2026-08-30 03:33:51,250 [announcements.py:_fetch_moonlight()] - Failed to update subscription 'klipper': [Errno -3] Temporary failure in name resolution
2026-08-30 03:33:53,287 [announcements.py:_fetch_moonlight()] - Failed to update subscription 'octoeverywhere': [Errno -3] Temporary failure in name resolution
2026-08-30 03:34:13,732 [ioloop.py:_run_callback()] - Exception in callback functools.partial(<function _HTTPConnection.__init__.<locals>.<lambda> at 0x7fab85d87790>, <Task finished name='Task-7072938' coro=<_HTTPConnection.run() done, defined at /home/chase/moonraker-env/lib/python3.8/site-packages/tornado/simple_httpclient.py:290> exception=gaierror(-3, 'Temporary failure in name resolution')>)
Traceback (most recent call last):
  File "/home/chase/moonraker-env/lib/python3.8/site-packages/tornado/ioloop.py", line 750, in _run_callback
    ret = callback()
  File "/home/chase/moonraker-env/lib/python3.8/site-packages/tornado/simple_httpclient.py", line 287, in <lambda>
    gen.convert_yielded(self.run()), lambda f: f.result()
  File "/home/chase/moonraker-env/lib/python3.8/site-packages/tornado/simple_httpclient.py", line 340, in run
    stream = await self.tcp_client.connect(
  File "/home/chase/moonraker-env/lib/python3.8/site-packages/tornado/tcpclient.py", line 269, in connect
    addrinfo = await self.resolver.resolve(host, port, af)
  File "/home/chase/moonraker-env/lib/python3.8/site-packages/tornado/netutil.py", line 433, in resolve
    for fam, _, _, _, address in await asyncio.get_running_loop().getaddrinfo(
  File "uvloop/loop.pyx", line 1529, in getaddrinfo
socket.gaierror: [Errno -3] Temporary failure in name resolution
2026-08-30 04:03:49,218 [announcements.py:_fetch_moonlight()] - Failed to update subscription 'moonraker': [Errno -3] Temporary failure in name resolution
2026-08-30 04:03:51,255 [announcements.py:_fetch_moonlight()] - Failed to update subscription 'klipper': [Errno -3] Temporary failure in name resolution
2026-08-30 04:03:53,295 [announcements.py:_fetch_moonlight()] - Failed to update subscription 'octoeverywhere': [Errno -3] Temporary failure in name resolution
2026-08-30 04:04:13,740 [ioloop.py:_run_callback()] - Exception in callback functools.partial(<function _HTTPConnection.__init__.<locals>.<lambda> at 0x7fab85d87700>, <Task finished name='Task-7078169' coro=<_HTTPConnection.run() done, defined at /home/chase/moonraker-env/lib/python3.8/site-packages/tornado/simple_httpclient.py:290> exception=gaierror(-3, 'Temporary failure in name resolution')>)
Traceback (most recent call last):
  File "/home/chase/moonraker-env/lib/python3.8/site-packages/tornado/ioloop.py", line 750, in _run_callback
    ret = callback()
  File "/home/chase/moonraker-env/lib/python3.8/site-packages/tornado/simple_httpclient.py", line 287, in <lambda>
    gen.convert_yielded(self.run()), lambda f: f.result()
  File "/home/chase/moonraker-env/lib/python3.8/site-packages/tornado/simple_httpclient.py", line 340, in run
    stream = await self.tcp_client.connect(
  File "/home/chase/moonraker-env/lib/python3.8/site-packages/tornado/tcpclient.py", line 269, in connect
    addrinfo = await self.resolver.resolve(host, port, af)
  File "/home/chase/moonraker-env/lib/python3.8/site-packages/tornado/netutil.py", line 433, in resolve
    for fam, _, _, _, address in await asyncio.get_running_loop().getaddrinfo(
  File "uvloop/loop.pyx", line 1529, in getaddrinfo
socket.gaierror: [Errno -3] Temporary failure in name resolution
2026-08-30 04:33:49,222 [announcements.py:_fetch_moonlight()] - Failed to update subscription 'moonraker': [Errno -3] Temporary failure in name resolution
2026-08-30 04:33:51,259 [announcements.py:_fetch_moonlight()] - Failed to update subscription 'klipper': [Errno -3] Temporary failure in name resolution
2026-08-30 04:33:53,295 [announcements.py:_fetch_moonlight()] - Failed to update subscription 'octoeverywhere': [Errno -3] Temporary failure in name resolution
2026-08-30 04:34:13,740 [ioloop.py:_run_callback()] - Exception in callback functools.partial(<function _HTTPConnection.__init__.<locals>.<lambda> at 0x7fab85d87c10>, <Task finished name='Task-7083404' coro=<_HTTPConnection.run() done, defined at /home/chase/moonraker-env/lib/python3.8/site-packages/tornado/simple_httpclient.py:290> exception=gaierror(-3, 'Temporary failure in name resolution')>)
Traceback (most recent call last):
  File "/home/chase/moonraker-env/lib/python3.8/site-packages/tornado/ioloop.py", line 750, in _run_callback
    ret = callback()
  File "/home/chase/moonraker-env/lib/python3.8/site-packages/tornado/simple_httpclient.py", line 287, in <lambda>
    gen.convert_yielded(self.run()), lambda f: f.result()
  File "/home/chase/moonraker-env/lib/python3.8/site-packages/tornado/simple_httpclient.py", line 340, in run
    stream = await self.tcp_client.connect(
  File "/home/chase/moonraker-env/lib/python3.8/site-packages/tornado/tcpclient.py", line 269, in connect
    addrinfo = await self.resolver.resolve(host, port, af)
  File "/home/chase/moonraker-env/lib/python3.8/site-packages/tornado/netutil.py", line 433, in resolve
    for fam, _, _, _, address in await asyncio.get_running_loop().getaddrinfo(
  File "uvloop/loop.pyx", line 1529, in getaddrinfo
socket.gaierror: [Errno -3] Temporary failure in name resolution
2026-08-30 05:03:49,218 [announcements.py:_fetch_moonlight()] - Failed to update subscription 'moonraker': [Errno -3] Temporary failure in name resolution
2026-08-30 05:03:51,257 [announcements.py:_fetch_moonlight()] - Failed to update subscription 'klipper': [Errno -3] Temporary failure in name resolution
2026-08-30 05:03:53,293 [announcements.py:_fetch_moonlight()] - Failed to update subscription 'octoeverywhere': [Errno -3] Temporary failure in name resolution
2026-08-30 05:04:13,745 [ioloop.py:_run_callback()] - Exception in callback functools.partial(<function _HTTPConnection.__init__.<locals>.<lambda> at 0x7fab85d874c0>, <Task finished name='Task-7088639' coro=<_HTTPConnection.run() done, defined at /home/chase/moonraker-env/lib/python3.8/site-packages/tornado/simple_httpclient.py:290> exception=gaierror(-3, 'Temporary failure in name resolution')>)
Traceback (most recent call last):
  File "/home/chase/moonraker-env/lib/python3.8/site-packages/tornado/ioloop.py", line 750, in _run_callback
    ret = callback()
  File "/home/chase/moonraker-env/lib/python3.8/site-packages/tornado/simple_httpclient.py", line 287, in <lambda>
    gen.convert_yielded(self.run()), lambda f: f.result()
  File "/home/chase/moonraker-env/lib/python3.8/site-packages/tornado/simple_httpclient.py", line 340, in run
    stream = await self.tcp_client.connect(
  File "/home/chase/moonraker-env/lib/python3.8/site-packages/tornado/tcpclient.py", line 269, in connect
    addrinfo = await self.resolver.resolve(host, port, af)
  File "/home/chase/moonraker-env/lib/python3.8/site-packages/tornado/netutil.py", line 433, in resolve
    for fam, _, _, _, address in await asyncio.get_running_loop().getaddrinfo(
  File "uvloop/loop.pyx", line 1529, in getaddrinfo
socket.gaierror: [Errno -3] Temporary failure in name resolution
2026-08-30 05:33:49,223 [announcements.py:_fetch_moonlight()] - Failed to update subscription 'moonraker': [Errno -3] Temporary failure in name resolution
2026-08-30 05:33:51,258 [announcements.py:_fetch_moonlight()] - Failed to update subscription 'klipper': [Errno -3] Temporary failure in name resolution
2026-08-30 05:33:53,292 [announcements.py:_fetch_moonlight()] - Failed to update subscription 'octoeverywhere': [Errno -3] Temporary failure in name resolution
2026-08-30 05:34:13,739 [ioloop.py:_run_callback()] - Exception in callback functools.partial(<function _HTTPConnection.__init__.<locals>.<lambda> at 0x7fab85d87d30>, <Task finished name='Task-7093871' coro=<_HTTPConnection.run() done, defined at /home/chase/moonraker-env/lib/python3.8/site-packages/tornado/simple_httpclient.py:290> exception=gaierror(-3, 'Temporary failure in name resolution')>)
Traceback (most recent call last):
  File "/home/chase/moonraker-env/lib/python3.8/site-packages/tornado/ioloop.py", line 750, in _run_callback
    ret = callback()
  File "/home/chase/moonraker-env/lib/python3.8/site-packages/tornado/simple_httpclient.py", line 287, in <lambda>
    gen.convert_yielded(self.run()), lambda f: f.result()
  File "/home/chase/moonraker-env/lib/python3.8/site-packages/tornado/simple_httpclient.py", line 340, in run
    stream = await self.tcp_client.connect(
  File "/home/chase/moonraker-env/lib/python3.8/site-packages/tornado/tcpclient.py", line 269, in connect
    addrinfo = await self.resolver.resolve(host, port, af)
  File "/home/chase/moonraker-env/lib/python3.8/site-packages/tornado/netutil.py", line 433, in resolve
    for fam, _, _, _, address in await asyncio.get_running_loop().getaddrinfo(
  File "uvloop/loop.pyx", line 1529, in getaddrinfo
socket.gaierror: [Errno -3] Temporary failure in name resolution
2026-08-30 06:03:49,228 [announcements.py:_fetch_moonlight()] - Failed to update subscription 'moonraker': [Errno -3] Temporary failure in name resolution
2026-08-30 06:03:51,266 [announcements.py:_fetch_moonlight()] - Failed to update subscription 'klipper': [Errno -3] Temporary failure in name resolution
2026-08-30 06:03:53,303 [announcements.py:_fetch_moonlight()] - Failed to update subscription 'octoeverywhere': [Errno -3] Temporary failure in name resolution
2026-08-30 06:04:13,744 [ioloop.py:_run_callback()] - Exception in callback functools.partial(<function _HTTPConnection.__init__.<locals>.<lambda> at 0x7fab85d87310>, <Task finished name='Task-7099106' coro=<_HTTPConnection.run() done, defined at /home/chase/moonraker-env/lib/python3.8/site-packages/tornado/simple_httpclient.py:290> exception=gaierror(-3, 'Temporary failure in name resolution')>)
Traceback (most recent call last):
  File "/home/chase/moonraker-env/lib/python3.8/site-packages/tornado/ioloop.py", line 750, in _run_callback
    ret = callback()
  File "/home/chase/moonraker-env/lib/python3.8/site-packages/tornado/simple_httpclient.py", line 287, in <lambda>
    gen.convert_yielded(self.run()), lambda f: f.result()
  File "/home/chase/moonraker-env/lib/python3.8/site-packages/tornado/simple_httpclient.py", line 340, in run
    stream = await self.tcp_client.connect(
  File "/home/chase/moonraker-env/lib/python3.8/site-packages/tornado/tcpclient.py", line 269, in connect
    addrinfo = await self.resolver.resolve(host, port, af)
  File "/home/chase/moonraker-env/lib/python3.8/site-packages/tornado/netutil.py", line 433, in resolve
    for fam, _, _, _, address in await asyncio.get_running_loop().getaddrinfo(
  File "uvloop/loop.pyx", line 1529, in getaddrinfo
socket.gaierror: [Errno -3] Temporary failure in name resolution
2026-08-30 06:33:49,216 [announcements.py:_fetch_moonlight()] - Failed to update subscription 'moonraker': [Errno -3] Temporary failure in name resolution
2026-08-30 06:33:51,257 [announcements.py:_fetch_moonlight()] - Failed to update subscription 'klipper': [Errno -3] Temporary failure in name resolution
2026-08-30 06:33:53,300 [announcements.py:_fetch_moonlight()] - Failed to update subscription 'octoeverywhere': [Errno -3] Temporary failure in name resolution
2026-08-30 06:34:13,732 [ioloop.py:_run_callback()] - Exception in callback functools.partial(<function _HTTPConnection.__init__.<locals>.<lambda> at 0x7fab85d87dc0>, <Task finished name='Task-7104344' coro=<_HTTPConnection.run() done, defined at /home/chase/moonraker-env/lib/python3.8/site-packages/tornado/simple_httpclient.py:290> exception=gaierror(-3, 'Temporary failure in name resolution')>)
Traceback (most recent call last):
  File "/home/chase/moonraker-env/lib/python3.8/site-packages/tornado/ioloop.py", line 750, in _run_callback
    ret = callback()
  File "/home/chase/moonraker-env/lib/python3.8/site-packages/tornado/simple_httpclient.py", line 287, in <lambda>
    gen.convert_yielded(self.run()), lambda f: f.result()
  File "/home/chase/moonraker-env/lib/python3.8/site-packages/tornado/simple_httpclient.py", line 340, in run
    stream = await self.tcp_client.connect(
  File "/home/chase/moonraker-env/lib/python3.8/site-packages/tornado/tcpclient.py", line 269, in connect
    addrinfo = await self.resolver.resolve(host, port, af)
  File "/home/chase/moonraker-env/lib/python3.8/site-packages/tornado/netutil.py", line 433, in resolve
    for fam, _, _, _, address in await asyncio.get_running_loop().getaddrinfo(
  File "uvloop/loop.pyx", line 1529, in getaddrinfo
socket.gaierror: [Errno -3] Temporary failure in name resolution
2026-08-30 07:03:49,220 [announcements.py:_fetch_moonlight()] - Failed to update subscription 'moonraker': [Errno -3] Temporary failure in name resolution
2026-08-30 07:03:51,256 [announcements.py:_fetch_moonlight()] - Failed to update subscription 'klipper': [Errno -3] Temporary failure in name resolution
2026-08-30 07:03:53,297 [announcements.py:_fetch_moonlight()] - Failed to update subscription 'octoeverywhere': [Errno -3] Temporary failure in name resolution
2026-08-30 07:04:13,744 [ioloop.py:_run_callback()] - Exception in callback functools.partial(<function _HTTPConnection.__init__.<locals>.<lambda> at 0x7fab85d87700>, <Task finished name='Task-7109579' coro=<_HTTPConnection.run() done, defined at /home/chase/moonraker-env/lib/python3.8/site-packages/tornado/simple_httpclient.py:290> exception=gaierror(-3, 'Temporary failure in name resolution')>)
Traceback (most recent call last):
  File "/home/chase/moonraker-env/lib/python3.8/site-packages/tornado/ioloop.py", line 750, in _run_callback
    ret = callback()
  File "/home/chase/moonraker-env/lib/python3.8/site-packages/tornado/simple_httpclient.py", line 287, in <lambda>
    gen.convert_yielded(self.run()), lambda f: f.result()
  File "/home/chase/moonraker-env/lib/python3.8/site-packages/tornado/simple_httpclient.py", line 340, in run
    stream = await self.tcp_client.connect(
  File "/home/chase/moonraker-env/lib/python3.8/site-packages/tornado/tcpclient.py", line 269, in connect
    addrinfo = await self.resolver.resolve(host, port, af)
  File "/home/chase/moonraker-env/lib/python3.8/site-packages/tornado/netutil.py", line 433, in resolve
    for fam, _, _, _, address in await asyncio.get_running_loop().getaddrinfo(
  File "uvloop/loop.pyx", line 1529, in getaddrinfo
socket.gaierror: [Errno -3] Temporary failure in name resolution
2026-08-30 07:33:49,229 [announcements.py:_fetch_moonlight()] - Failed to update subscription 'moonraker': [Errno -3] Temporary failure in name resolution
2026-08-30 07:33:51,268 [announcements.py:_fetch_moonlight()] - Failed to update subscription 'klipper': [Errno -3] Temporary failure in name resolution
2026-08-30 07:33:53,308 [announcements.py:_fetch_moonlight()] - Failed to update subscription 'octoeverywhere': [Errno -3] Temporary failure in name resolution
2026-08-30 07:34:13,747 [ioloop.py:_run_callback()] - Exception in callback functools.partial(<function _HTTPConnection.__init__.<locals>.<lambda> at 0x7fab85d87c10>, <Task finished name='Task-7114812' coro=<_HTTPConnection.run() done, defined at /home/chase/moonraker-env/lib/python3.8/site-packages/tornado/simple_httpclient.py:290> exception=gaierror(-3, 'Temporary failure in name resolution')>)
Traceback (most recent call last):
  File "/home/chase/moonraker-env/lib/python3.8/site-packages/tornado/ioloop.py", line 750, in _run_callback
    ret = callback()
  File "/home/chase/moonraker-env/lib/python3.8/site-packages/tornado/simple_httpclient.py", line 287, in <lambda>
    gen.convert_yielded(self.run()), lambda f: f.result()
  File "/home/chase/moonraker-env/lib/python3.8/site-packages/tornado/simple_httpclient.py", line 340, in run
    stream = await self.tcp_client.connect(
  File "/home/chase/moonraker-env/lib/python3.8/site-packages/tornado/tcpclient.py", line 269, in connect
    addrinfo = await self.resolver.resolve(host, port, af)
  File "/home/chase/moonraker-env/lib/python3.8/site-packages/tornado/netutil.py", line 433, in resolve
    for fam, _, _, _, address in await asyncio.get_running_loop().getaddrinfo(
  File "uvloop/loop.pyx", line 1529, in getaddrinfo
socket.gaierror: [Errno -3] Temporary failure in name resolution
2026-08-30 08:03:49,231 [announcements.py:_fetch_moonlight()] - Failed to update subscription 'moonraker': [Errno -3] Temporary failure in name resolution
2026-08-30 08:03:51,268 [announcements.py:_fetch_moonlight()] - Failed to update subscription 'klipper': [Errno -3] Temporary failure in name resolution
2026-08-30 08:03:53,305 [announcements.py:_fetch_moonlight()] - Failed to update subscription 'octoeverywhere': [Errno -3] Temporary failure in name resolution
2026-08-30 08:04:13,752 [ioloop.py:_run_callback()] - Exception in callback functools.partial(<function _HTTPConnection.__init__.<locals>.<lambda> at 0x7fab85d87040>, <Task finished name='Task-7120046' coro=<_HTTPConnection.run() done, defined at /home/chase/moonraker-env/lib/python3.8/site-packages/tornado/simple_httpclient.py:290> exception=gaierror(-3, 'Temporary failure in name resolution')>)
Traceback (most recent call last):
  File "/home/chase/moonraker-env/lib/python3.8/site-packages/tornado/ioloop.py", line 750, in _run_callback
    ret = callback()
  File "/home/chase/moonraker-env/lib/python3.8/site-packages/tornado/simple_httpclient.py", line 287, in <lambda>
    gen.convert_yielded(self.run()), lambda f: f.result()
  File "/home/chase/moonraker-env/lib/python3.8/site-packages/tornado/simple_httpclient.py", line 340, in run
    stream = await self.tcp_client.connect(
  File "/home/chase/moonraker-env/lib/python3.8/site-packages/tornado/tcpclient.py", line 269, in connect
    addrinfo = await self.resolver.resolve(host, port, af)
  File "/home/chase/moonraker-env/lib/python3.8/site-packages/tornado/netutil.py", line 433, in resolve
    for fam, _, _, _, address in await asyncio.get_running_loop().getaddrinfo(
  File "uvloop/loop.pyx", line 1529, in getaddrinfo
socket.gaierror: [Errno -3] Temporary failure in name resolution
2026-08-30 08:33:49,230 [announcements.py:_fetch_moonlight()] - Failed to update subscription 'moonraker': [Errno -3] Temporary failure in name resolution
2026-08-30 08:33:51,268 [announcements.py:_fetch_moonlight()] - Failed to update subscription 'klipper': [Errno -3] Temporary failure in name resolution
2026-08-30 08:33:53,303 [announcements.py:_fetch_moonlight()] - Failed to update subscription 'octoeverywhere': [Errno -3] Temporary failure in name resolution
2026-08-30 08:34:13,749 [ioloop.py:_run_callback()] - Exception in callback functools.partial(<function _HTTPConnection.__init__.<locals>.<lambda> at 0x7fab85d875e0>, <Task finished name='Task-7125284' coro=<_HTTPConnection.run() done, defined at /home/chase/moonraker-env/lib/python3.8/site-packages/tornado/simple_httpclient.py:290> exception=gaierror(-3, 'Temporary failure in name resolution')>)
Traceback (most recent call last):
  File "/home/chase/moonraker-env/lib/python3.8/site-packages/tornado/ioloop.py", line 750, in _run_callback
    ret = callback()
  File "/home/chase/moonraker-env/lib/python3.8/site-packages/tornado/simple_httpclient.py", line 287, in <lambda>
    gen.convert_yielded(self.run()), lambda f: f.result()
  File "/home/chase/moonraker-env/lib/python3.8/site-packages/tornado/simple_httpclient.py", line 340, in run
    stream = await self.tcp_client.connect(
  File "/home/chase/moonraker-env/lib/python3.8/site-packages/tornado/tcpclient.py", line 269, in connect
    addrinfo = await self.resolver.resolve(host, port, af)
  File "/home/chase/moonraker-env/lib/python3.8/site-packages/tornado/netutil.py", line 433, in resolve
    for fam, _, _, _, address in await asyncio.get_running_loop().getaddrinfo(
  File "uvloop/loop.pyx", line 1529, in getaddrinfo
socket.gaierror: [Errno -3] Temporary failure in name resolution
2026-08-30 09:03:49,230 [announcements.py:_fetch_moonlight()] - Failed to update subscription 'moonraker': [Errno -3] Temporary failure in name resolution
2026-08-30 09:03:51,266 [announcements.py:_fetch_moonlight()] - Failed to update subscription 'klipper': [Errno -3] Temporary failure in name resolution
2026-08-30 09:03:53,305 [announcements.py:_fetch_moonlight()] - Failed to update subscription 'octoeverywhere': [Errno -3] Temporary failure in name resolution
2026-08-30 09:04:13,744 [ioloop.py:_run_callback()] - Exception in callback functools.partial(<function _HTTPConnection.__init__.<locals>.<lambda> at 0x7fab85d87280>, <Task finished name='Task-7130520' coro=<_HTTPConnection.run() done, defined at /home/chase/moonraker-env/lib/python3.8/site-packages/tornado/simple_httpclient.py:290> exception=gaierror(-3, 'Temporary failure in name resolution')>)
Traceback (most recent call last):
  File "/home/chase/moonraker-env/lib/python3.8/site-packages/tornado/ioloop.py", line 750, in _run_callback
    ret = callback()
  File "/home/chase/moonraker-env/lib/python3.8/site-packages/tornado/simple_httpclient.py", line 287, in <lambda>
    gen.convert_yielded(self.run()), lambda f: f.result()
  File "/home/chase/moonraker-env/lib/python3.8/site-packages/tornado/simple_httpclient.py", line 340, in run
    stream = await self.tcp_client.connect(
  File "/home/chase/moonraker-env/lib/python3.8/site-packages/tornado/tcpclient.py", line 269, in connect
    addrinfo = await self.resolver.resolve(host, port, af)
  File "/home/chase/moonraker-env/lib/python3.8/site-packages/tornado/netutil.py", line 433, in resolve
    for fam, _, _, _, address in await asyncio.get_running_loop().getaddrinfo(
  File "uvloop/loop.pyx", line 1529, in getaddrinfo
socket.gaierror: [Errno -3] Temporary failure in name resolution
2026-08-30 09:33:49,233 [announcements.py:_fetch_moonlight()] - Failed to update subscription 'moonraker': [Errno -3] Temporary failure in name resolution
2026-08-30 09:33:51,271 [announcements.py:_fetch_moonlight()] - Failed to update subscription 'klipper': [Errno -3] Temporary failure in name resolution
2026-08-30 09:33:53,307 [announcements.py:_fetch_moonlight()] - Failed to update subscription 'octoeverywhere': [Errno -3] Temporary failure in name resolution
2026-08-30 09:34:13,748 [ioloop.py:_run_callback()] - Exception in callback functools.partial(<function _HTTPConnection.__init__.<locals>.<lambda> at 0x7fab85d87940>, <Task finished name='Task-7135751' coro=<_HTTPConnection.run() done, defined at /home/chase/moonraker-env/lib/python3.8/site-packages/tornado/simple_httpclient.py:290> exception=gaierror(-3, 'Temporary failure in name resolution')>)
Traceback (most recent call last):
  File "/home/chase/moonraker-env/lib/python3.8/site-packages/tornado/ioloop.py", line 750, in _run_callback
    ret = callback()
  File "/home/chase/moonraker-env/lib/python3.8/site-packages/tornado/simple_httpclient.py", line 287, in <lambda>
    gen.convert_yielded(self.run()), lambda f: f.result()
  File "/home/chase/moonraker-env/lib/python3.8/site-packages/tornado/simple_httpclient.py", line 340, in run
    stream = await self.tcp_client.connect(
  File "/home/chase/moonraker-env/lib/python3.8/site-packages/tornado/tcpclient.py", line 269, in connect
    addrinfo = await self.resolver.resolve(host, port, af)
  File "/home/chase/moonraker-env/lib/python3.8/site-packages/tornado/netutil.py", line 433, in resolve
    for fam, _, _, _, address in await asyncio.get_running_loop().getaddrinfo(
  File "uvloop/loop.pyx", line 1529, in getaddrinfo
socket.gaierror: [Errno -3] Temporary failure in name resolution
2026-08-30 10:03:49,239 [announcements.py:_fetch_moonlight()] - Failed to update subscription 'moonraker': [Errno -3] Temporary failure in name resolution
2026-08-30 10:03:51,282 [announcements.py:_fetch_moonlight()] - Failed to update subscription 'klipper': [Errno -3] Temporary failure in name resolution
2026-08-30 10:03:53,324 [announcements.py:_fetch_moonlight()] - Failed to update subscription 'octoeverywhere': [Errno -3] Temporary failure in name resolution
2026-08-30 10:04:13,764 [ioloop.py:_run_callback()] - Exception in callback functools.partial(<function _HTTPConnection.__init__.<locals>.<lambda> at 0x7fab85d87430>, <Task finished name='Task-7140986' coro=<_HTTPConnection.run() done, defined at /home/chase/moonraker-env/lib/python3.8/site-packages/tornado/simple_httpclient.py:290> exception=gaierror(-3, 'Temporary failure in name resolution')>)
Traceback (most recent call last):
  File "/home/chase/moonraker-env/lib/python3.8/site-packages/tornado/ioloop.py", line 750, in _run_callback
    ret = callback()
  File "/home/chase/moonraker-env/lib/python3.8/site-packages/tornado/simple_httpclient.py", line 287, in <lambda>
    gen.convert_yielded(self.run()), lambda f: f.result()
  File "/home/chase/moonraker-env/lib/python3.8/site-packages/tornado/simple_httpclient.py", line 340, in run
    stream = await self.tcp_client.connect(
  File "/home/chase/moonraker-env/lib/python3.8/site-packages/tornado/tcpclient.py", line 269, in connect
    addrinfo = await self.resolver.resolve(host, port, af)
  File "/home/chase/moonraker-env/lib/python3.8/site-packages/tornado/netutil.py", line 433, in resolve
    for fam, _, _, _, address in await asyncio.get_running_loop().getaddrinfo(
  File "uvloop/loop.pyx", line 1529, in getaddrinfo
socket.gaierror: [Errno -3] Temporary failure in name resolution
2026-08-30 10:33:49,238 [announcements.py:_fetch_moonlight()] - Failed to update subscription 'moonraker': [Errno -3] Temporary failure in name resolution
2026-08-30 10:33:51,274 [announcements.py:_fetch_moonlight()] - Failed to update subscription 'klipper': [Errno -3] Temporary failure in name resolution
2026-08-30 10:33:53,314 [announcements.py:_fetch_moonlight()] - Failed to update subscription 'octoeverywhere': [Errno -3] Temporary failure in name resolution
2026-08-30 10:34:13,762 [ioloop.py:_run_callback()] - Exception in callback functools.partial(<function _HTTPConnection.__init__.<locals>.<lambda> at 0x7fab85d87160>, <Task finished name='Task-7146221' coro=<_HTTPConnection.run() done, defined at /home/chase/moonraker-env/lib/python3.8/site-packages/tornado/simple_httpclient.py:290> exception=gaierror(-3, 'Temporary failure in name resolution')>)
Traceback (most recent call last):
  File "/home/chase/moonraker-env/lib/python3.8/site-packages/tornado/ioloop.py", line 750, in _run_callback
    ret = callback()
  File "/home/chase/moonraker-env/lib/python3.8/site-packages/tornado/simple_httpclient.py", line 287, in <lambda>
    gen.convert_yielded(self.run()), lambda f: f.result()
  File "/home/chase/moonraker-env/lib/python3.8/site-packages/tornado/simple_httpclient.py", line 340, in run
    stream = await self.tcp_client.connect(
  File "/home/chase/moonraker-env/lib/python3.8/site-packages/tornado/tcpclient.py", line 269, in connect
    addrinfo = await self.resolver.resolve(host, port, af)
  File "/home/chase/moonraker-env/lib/python3.8/site-packages/tornado/netutil.py", line 433, in resolve
    for fam, _, _, _, address in await asyncio.get_running_loop().getaddrinfo(
  File "uvloop/loop.pyx", line 1529, in getaddrinfo
socket.gaierror: [Errno -3] Temporary failure in name resolution
2026-08-30 11:03:49,239 [announcements.py:_fetch_moonlight()] - Failed to update subscription 'moonraker': [Errno -3] Temporary failure in name resolution
2026-08-30 11:03:51,277 [announcements.py:_fetch_moonlight()] - Failed to update subscription 'klipper': [Errno -3] Temporary failure in name resolution
2026-08-30 11:03:53,314 [announcements.py:_fetch_moonlight()] - Failed to update subscription 'octoeverywhere': [Errno -3] Temporary failure in name resolution
2026-08-30 11:04:13,763 [ioloop.py:_run_callback()] - Exception in callback functools.partial(<function _HTTPConnection.__init__.<locals>.<lambda> at 0x7fab85d87af0>, <Task finished name='Task-7151452' coro=<_HTTPConnection.run() done, defined at /home/chase/moonraker-env/lib/python3.8/site-packages/tornado/simple_httpclient.py:290> exception=gaierror(-3, 'Temporary failure in name resolution')>)
Traceback (most recent call last):
  File "/home/chase/moonraker-env/lib/python3.8/site-packages/tornado/ioloop.py", line 750, in _run_callback
    ret = callback()
  File "/home/chase/moonraker-env/lib/python3.8/site-packages/tornado/simple_httpclient.py", line 287, in <lambda>
    gen.convert_yielded(self.run()), lambda f: f.result()
  File "/home/chase/moonraker-env/lib/python3.8/site-packages/tornado/simple_httpclient.py", line 340, in run
    stream = await self.tcp_client.connect(
  File "/home/chase/moonraker-env/lib/python3.8/site-packages/tornado/tcpclient.py", line 269, in connect
    addrinfo = await self.resolver.resolve(host, port, af)
  File "/home/chase/moonraker-env/lib/python3.8/site-packages/tornado/netutil.py", line 433, in resolve
    for fam, _, _, _, address in await asyncio.get_running_loop().getaddrinfo(
  File "uvloop/loop.pyx", line 1529, in getaddrinfo
socket.gaierror: [Errno -3] Temporary failure in name resolution
2026-08-30 11:33:49,241 [announcements.py:_fetch_moonlight()] - Failed to update subscription 'moonraker': [Errno -3] Temporary failure in name resolution
2026-08-30 11:33:51,277 [announcements.py:_fetch_moonlight()] - Failed to update subscription 'klipper': [Errno -3] Temporary failure in name resolution
2026-08-30 11:33:53,309 [announcements.py:_fetch_moonlight()] - Failed to update subscription 'octoeverywhere': [Errno -3] Temporary failure in name resolution
2026-08-30 11:34:13,754 [ioloop.py:_run_callback()] - Exception in callback functools.partial(<function _HTTPConnection.__init__.<locals>.<lambda> at 0x7fab85d875e0>, <Task finished name='Task-7156688' coro=<_HTTPConnection.run() done, defined at /home/chase/moonraker-env/lib/python3.8/site-packages/tornado/simple_httpclient.py:290> exception=gaierror(-3, 'Temporary failure in name resolution')>)
Traceback (most recent call last):
  File "/home/chase/moonraker-env/lib/python3.8/site-packages/tornado/ioloop.py", line 750, in _run_callback
    ret = callback()
  File "/home/chase/moonraker-env/lib/python3.8/site-packages/tornado/simple_httpclient.py", line 287, in <lambda>
    gen.convert_yielded(self.run()), lambda f: f.result()
  File "/home/chase/moonraker-env/lib/python3.8/site-packages/tornado/simple_httpclient.py", line 340, in run
    stream = await self.tcp_client.connect(
  File "/home/chase/moonraker-env/lib/python3.8/site-packages/tornado/tcpclient.py", line 269, in connect
    addrinfo = await self.resolver.resolve(host, port, af)
  File "/home/chase/moonraker-env/lib/python3.8/site-packages/tornado/netutil.py", line 433, in resolve
    for fam, _, _, _, address in await asyncio.get_running_loop().getaddrinfo(
  File "uvloop/loop.pyx", line 1529, in getaddrinfo
socket.gaierror: [Errno -3] Temporary failure in name resolution
2026-08-30 12:03:49,240 [announcements.py:_fetch_moonlight()] - Failed to update subscription 'moonraker': [Errno -3] Temporary failure in name resolution
2026-08-30 12:03:51,282 [announcements.py:_fetch_moonlight()] - Failed to update subscription 'klipper': [Errno -3] Temporary failure in name resolution
2026-08-30 12:03:53,316 [announcements.py:_fetch_moonlight()] - Failed to update subscription 'octoeverywhere': [Errno -3] Temporary failure in name resolution
2026-08-30 12:04:13,757 [ioloop.py:_run_callback()] - Exception in callback functools.partial(<function _HTTPConnection.__init__.<locals>.<lambda> at 0x7fab85d87940>, <Task finished name='Task-7161923' coro=<_HTTPConnection.run() done, defined at /home/chase/moonraker-env/lib/python3.8/site-packages/tornado/simple_httpclient.py:290> exception=gaierror(-3, 'Temporary failure in name resolution')>)
Traceback (most recent call last):
  File "/home/chase/moonraker-env/lib/python3.8/site-packages/tornado/ioloop.py", line 750, in _run_callback
    ret = callback()
  File "/home/chase/moonraker-env/lib/python3.8/site-packages/tornado/simple_httpclient.py", line 287, in <lambda>
    gen.convert_yielded(self.run()), lambda f: f.result()
  File "/home/chase/moonraker-env/lib/python3.8/site-packages/tornado/simple_httpclient.py", line 340, in run
    stream = await self.tcp_client.connect(
  File "/home/chase/moonraker-env/lib/python3.8/site-packages/tornado/tcpclient.py", line 269, in connect
    addrinfo = await self.resolver.resolve(host, port, af)
  File "/home/chase/moonraker-env/lib/python3.8/site-packages/tornado/netutil.py", line 433, in resolve
    for fam, _, _, _, address in await asyncio.get_running_loop().getaddrinfo(
  File "uvloop/loop.pyx", line 1529, in getaddrinfo
socket.gaierror: [Errno -3] Temporary failure in name resolution
2026-08-30 12:33:49,240 [announcements.py:_fetch_moonlight()] - Failed to update subscription 'moonraker': [Errno -3] Temporary failure in name resolution
2026-08-30 12:33:51,282 [announcements.py:_fetch_moonlight()] - Failed to update subscription 'klipper': [Errno -3] Temporary failure in name resolution
2026-08-30 12:33:53,317 [announcements.py:_fetch_moonlight()] - Failed to update subscription 'octoeverywhere': [Errno -3] Temporary failure in name resolution
2026-08-30 12:34:13,762 [ioloop.py:_run_callback()] - Exception in callback functools.partial(<function _HTTPConnection.__init__.<locals>.<lambda> at 0x7fab85d87550>, <Task finished name='Task-7167154' coro=<_HTTPConnection.run() done, defined at /home/chase/moonraker-env/lib/python3.8/site-packages/tornado/simple_httpclient.py:290> exception=gaierror(-3, 'Temporary failure in name resolution')>)
Traceback (most recent call last):
  File "/home/chase/moonraker-env/lib/python3.8/site-packages/tornado/ioloop.py", line 750, in _run_callback
    ret = callback()
  File "/home/chase/moonraker-env/lib/python3.8/site-packages/tornado/simple_httpclient.py", line 287, in <lambda>
    gen.convert_yielded(self.run()), lambda f: f.result()
  File "/home/chase/moonraker-env/lib/python3.8/site-packages/tornado/simple_httpclient.py", line 340, in run
    stream = await self.tcp_client.connect(
  File "/home/chase/moonraker-env/lib/python3.8/site-packages/tornado/tcpclient.py", line 269, in connect
    addrinfo = await self.resolver.resolve(host, port, af)
  File "/home/chase/moonraker-env/lib/python3.8/site-packages/tornado/netutil.py", line 433, in resolve
    for fam, _, _, _, address in await asyncio.get_running_loop().getaddrinfo(
  File "uvloop/loop.pyx", line 1529, in getaddrinfo
socket.gaierror: [Errno -3] Temporary failure in name resolution
2026-08-30 13:03:49,250 [announcements.py:_fetch_moonlight()] - Failed to update subscription 'moonraker': [Errno -3] Temporary failure in name resolution
2026-08-30 13:03:51,285 [announcements.py:_fetch_moonlight()] - Failed to update subscription 'klipper': [Errno -3] Temporary failure in name resolution
2026-08-30 13:03:53,317 [announcements.py:_fetch_moonlight()] - Failed to update subscription 'octoeverywhere': [Errno -3] Temporary failure in name resolution
2026-08-30 13:04:13,768 [ioloop.py:_run_callback()] - Exception in callback functools.partial(<function _HTTPConnection.__init__.<locals>.<lambda> at 0x7fab85d87b80>, <Task finished name='Task-7172390' coro=<_HTTPConnection.run() done, defined at /home/chase/moonraker-env/lib/python3.8/site-packages/tornado/simple_httpclient.py:290> exception=gaierror(-3, 'Temporary failure in name resolution')>)
Traceback (most recent call last):
  File "/home/chase/moonraker-env/lib/python3.8/site-packages/tornado/ioloop.py", line 750, in _run_callback
    ret = callback()
  File "/home/chase/moonraker-env/lib/python3.8/site-packages/tornado/simple_httpclient.py", line 287, in <lambda>
    gen.convert_yielded(self.run()), lambda f: f.result()
  File "/home/chase/moonraker-env/lib/python3.8/site-packages/tornado/simple_httpclient.py", line 340, in run
    stream = await self.tcp_client.connect(
  File "/home/chase/moonraker-env/lib/python3.8/site-packages/tornado/tcpclient.py", line 269, in connect
    addrinfo = await self.resolver.resolve(host, port, af)
  File "/home/chase/moonraker-env/lib/python3.8/site-packages/tornado/netutil.py", line 433, in resolve
    for fam, _, _, _, address in await asyncio.get_running_loop().getaddrinfo(
  File "uvloop/loop.pyx", line 1529, in getaddrinfo
socket.gaierror: [Errno -3] Temporary failure in name resolution
2026-08-30 13:33:49,245 [announcements.py:_fetch_moonlight()] - Failed to update subscription 'moonraker': [Errno -3] Temporary failure in name resolution
2026-08-30 13:33:51,286 [announcements.py:_fetch_moonlight()] - Failed to update subscription 'klipper': [Errno -3] Temporary failure in name resolution
2026-08-30 13:33:53,322 [announcements.py:_fetch_moonlight()] - Failed to update subscription 'octoeverywhere': [Errno -3] Temporary failure in name resolution
2026-08-30 13:34:13,764 [ioloop.py:_run_callback()] - Exception in callback functools.partial(<function _HTTPConnection.__init__.<locals>.<lambda> at 0x7fab85d87940>, <Task finished name='Task-7177625' coro=<_HTTPConnection.run() done, defined at /home/chase/moonraker-env/lib/python3.8/site-packages/tornado/simple_httpclient.py:290> exception=gaierror(-3, 'Temporary failure in name resolution')>)
Traceback (most recent call last):
  File "/home/chase/moonraker-env/lib/python3.8/site-packages/tornado/ioloop.py", line 750, in _run_callback
    ret = callback()
  File "/home/chase/moonraker-env/lib/python3.8/site-packages/tornado/simple_httpclient.py", line 287, in <lambda>
    gen.convert_yielded(self.run()), lambda f: f.result()
  File "/home/chase/moonraker-env/lib/python3.8/site-packages/tornado/simple_httpclient.py", line 340, in run
    stream = await self.tcp_client.connect(
  File "/home/chase/moonraker-env/lib/python3.8/site-packages/tornado/tcpclient.py", line 269, in connect
    addrinfo = await self.resolver.resolve(host, port, af)
  File "/home/chase/moonraker-env/lib/python3.8/site-packages/tornado/netutil.py", line 433, in resolve
    for fam, _, _, _, address in await asyncio.get_running_loop().getaddrinfo(
  File "uvloop/loop.pyx", line 1529, in getaddrinfo
socket.gaierror: [Errno -3] Temporary failure in name resolution
2026-08-30 14:03:49,247 [announcements.py:_fetch_moonlight()] - Failed to update subscription 'moonraker': [Errno -3] Temporary failure in name resolution
2026-08-30 14:03:51,285 [announcements.py:_fetch_moonlight()] - Failed to update subscription 'klipper': [Errno -3] Temporary failure in name resolution
2026-08-30 14:03:53,323 [announcements.py:_fetch_moonlight()] - Failed to update subscription 'octoeverywhere': [Errno -3] Temporary failure in name resolution
2026-08-30 14:04:13,768 [ioloop.py:_run_callback()] - Exception in callback functools.partial(<function _HTTPConnection.__init__.<locals>.<lambda> at 0x7fab85d87820>, <Task finished name='Task-7182860' coro=<_HTTPConnection.run() done, defined at /home/chase/moonraker-env/lib/python3.8/site-packages/tornado/simple_httpclient.py:290> exception=gaierror(-3, 'Temporary failure in name resolution')>)
Traceback (most recent call last):
  File "/home/chase/moonraker-env/lib/python3.8/site-packages/tornado/ioloop.py", line 750, in _run_callback
    ret = callback()
  File "/home/chase/moonraker-env/lib/python3.8/site-packages/tornado/simple_httpclient.py", line 287, in <lambda>
    gen.convert_yielded(self.run()), lambda f: f.result()
  File "/home/chase/moonraker-env/lib/python3.8/site-packages/tornado/simple_httpclient.py", line 340, in run
    stream = await self.tcp_client.connect(
  File "/home/chase/moonraker-env/lib/python3.8/site-packages/tornado/tcpclient.py", line 269, in connect
    addrinfo = await self.resolver.resolve(host, port, af)
  File "/home/chase/moonraker-env/lib/python3.8/site-packages/tornado/netutil.py", line 433, in resolve
    for fam, _, _, _, address in await asyncio.get_running_loop().getaddrinfo(
  File "uvloop/loop.pyx", line 1529, in getaddrinfo
socket.gaierror: [Errno -3] Temporary failure in name resolution
2026-08-30 14:33:49,252 [announcements.py:_fetch_moonlight()] - Failed to update subscription 'moonraker': [Errno -3] Temporary failure in name resolution
2026-08-30 14:33:51,287 [announcements.py:_fetch_moonlight()] - Failed to update subscription 'klipper': [Errno -3] Temporary failure in name resolution
2026-08-30 14:33:53,324 [announcements.py:_fetch_moonlight()] - Failed to update subscription 'octoeverywhere': [Errno -3] Temporary failure in name resolution
2026-08-30 14:34:13,764 [ioloop.py:_run_callback()] - Exception in callback functools.partial(<function _HTTPConnection.__init__.<locals>.<lambda> at 0x7fab85d879d0>, <Task finished name='Task-7188091' coro=<_HTTPConnection.run() done, defined at /home/chase/moonraker-env/lib/python3.8/site-packages/tornado/simple_httpclient.py:290> exception=gaierror(-3, 'Temporary failure in name resolution')>)
Traceback (most recent call last):
  File "/home/chase/moonraker-env/lib/python3.8/site-packages/tornado/ioloop.py", line 750, in _run_callback
    ret = callback()
  File "/home/chase/moonraker-env/lib/python3.8/site-packages/tornado/simple_httpclient.py", line 287, in <lambda>
    gen.convert_yielded(self.run()), lambda f: f.result()
  File "/home/chase/moonraker-env/lib/python3.8/site-packages/tornado/simple_httpclient.py", line 340, in run
    stream = await self.tcp_client.connect(
  File "/home/chase/moonraker-env/lib/python3.8/site-packages/tornado/tcpclient.py", line 269, in connect
    addrinfo = await self.resolver.resolve(host, port, af)
  File "/home/chase/moonraker-env/lib/python3.8/site-packages/tornado/netutil.py", line 433, in resolve
    for fam, _, _, _, address in await asyncio.get_running_loop().getaddrinfo(
  File "uvloop/loop.pyx", line 1529, in getaddrinfo
socket.gaierror: [Errno -3] Temporary failure in name resolution
2026-08-30 15:03:49,248 [announcements.py:_fetch_moonlight()] - Failed to update subscription 'moonraker': [Errno -3] Temporary failure in name resolution
2026-08-30 15:03:51,284 [announcements.py:_fetch_moonlight()] - Failed to update subscription 'klipper': [Errno -3] Temporary failure in name resolution
2026-08-30 15:03:53,320 [announcements.py:_fetch_moonlight()] - Failed to update subscription 'octoeverywhere': [Errno -3] Temporary failure in name resolution
2026-08-30 15:04:13,769 [ioloop.py:_run_callback()] - Exception in callback functools.partial(<function _HTTPConnection.__init__.<locals>.<lambda> at 0x7fab85d87310>, <Task finished name='Task-7193326' coro=<_HTTPConnection.run() done, defined at /home/chase/moonraker-env/lib/python3.8/site-packages/tornado/simple_httpclient.py:290> exception=gaierror(-3, 'Temporary failure in name resolution')>)
Traceback (most recent call last):
  File "/home/chase/moonraker-env/lib/python3.8/site-packages/tornado/ioloop.py", line 750, in _run_callback
    ret = callback()
  File "/home/chase/moonraker-env/lib/python3.8/site-packages/tornado/simple_httpclient.py", line 287, in <lambda>
    gen.convert_yielded(self.run()), lambda f: f.result()
  File "/home/chase/moonraker-env/lib/python3.8/site-packages/tornado/simple_httpclient.py", line 340, in run
    stream = await self.tcp_client.connect(
  File "/home/chase/moonraker-env/lib/python3.8/site-packages/tornado/tcpclient.py", line 269, in connect
    addrinfo = await self.resolver.resolve(host, port, af)
  File "/home/chase/moonraker-env/lib/python3.8/site-packages/tornado/netutil.py", line 433, in resolve
    for fam, _, _, _, address in await asyncio.get_running_loop().getaddrinfo(
  File "uvloop/loop.pyx", line 1529, in getaddrinfo
socket.gaierror: [Errno -3] Temporary failure in name resolution
2026-08-30 15:33:49,249 [announcements.py:_fetch_moonlight()] - Failed to update subscription 'moonraker': [Errno -3] Temporary failure in name resolution
2026-08-30 15:33:51,287 [announcements.py:_fetch_moonlight()] - Failed to update subscription 'klipper': [Errno -3] Temporary failure in name resolution
2026-08-30 15:33:53,329 [announcements.py:_fetch_moonlight()] - Failed to update subscription 'octoeverywhere': [Errno -3] Temporary failure in name resolution
2026-08-30 15:34:13,769 [ioloop.py:_run_callback()] - Exception in callback functools.partial(<function _HTTPConnection.__init__.<locals>.<lambda> at 0x7fab85d87ee0>, <Task finished name='Task-7198561' coro=<_HTTPConnection.run() done, defined at /home/chase/moonraker-env/lib/python3.8/site-packages/tornado/simple_httpclient.py:290> exception=gaierror(-3, 'Temporary failure in name resolution')>)
Traceback (most recent call last):
  File "/home/chase/moonraker-env/lib/python3.8/site-packages/tornado/ioloop.py", line 750, in _run_callback
    ret = callback()
  File "/home/chase/moonraker-env/lib/python3.8/site-packages/tornado/simple_httpclient.py", line 287, in <lambda>
    gen.convert_yielded(self.run()), lambda f: f.result()
  File "/home/chase/moonraker-env/lib/python3.8/site-packages/tornado/simple_httpclient.py", line 340, in run
    stream = await self.tcp_client.connect(
  File "/home/chase/moonraker-env/lib/python3.8/site-packages/tornado/tcpclient.py", line 269, in connect
    addrinfo = await self.resolver.resolve(host, port, af)
  File "/home/chase/moonraker-env/lib/python3.8/site-packages/tornado/netutil.py", line 433, in resolve
    for fam, _, _, _, address in await asyncio.get_running_loop().getaddrinfo(
  File "uvloop/loop.pyx", line 1529, in getaddrinfo
socket.gaierror: [Errno -3] Temporary failure in name resolution
